// Jest Snapshot v1, https://goo.gl/fbAQLP

exports[`renders correctly 1`] = `
<div>
  <div>
    <div>
      <a
        className="
          function link() { [native code] }
          undefined
        "
        href="#"
        id="mainPage"
      >
        <span>
          Doc
        </span>
        <span>
          Woo
        </span>
      </a>
    </div>
    <div>
      <button
        id="doctorLogin"
        type="button"
      >
        login as doctor
      </button>
      <select
        id="language"
      >
        <option>
          en
        </option>
        <option>
          ua
        </option>
      </select>
    </div>
  </div>
  <div>
    <div>
      <h1>
        Complete Your Profile
      </h1>
      <div>
        <p>
          General information
        </p>
        <div>
          <label>
            first name
            <div
              className="undefined"
            >
              <input
                id="firstName"
                name="firstName"
                placeholder="Frederick"
                type="text"
              />
            </div>
          </label>
        </div>
        <div>
          <label>
            last name
            <div
              className="undefined"
            >
              <input
                id="lastName"
                name="lastName"
                placeholder="Valdez"
                type="text"
              />
            </div>
          </label>
        </div>
        <div>
          <label>
            national id
            <div
              className="undefined"
            >
              <input
                id="nationalId"
                name="nationalId"
                placeholder="0123456789"
                type="number"
              />
            </div>
          </label>
        </div>
      </div>
      <div>
        <p>
          Personal information
        </p>
        <div>
          <div>
            <label>
              date of birth
              <div
                className="undefined"
              >
                <input
                  id="date"
                  name="date"
                  placeholder="2017-06-01"
                  type="date"
                />
              </div>
            </label>
          </div>
          <div>
            <label>
              gender
              <select
                id="gender"
              >
                <option>
                  Male
                </option>
                <option>
                  Female
                </option>
              </select>
            </label>
          </div>
        </div>
      </div>
      <div>
        <p>
          Contact information
        </p>
        <div>
          <div>
            <label>
              country
              <select
                id="country"
              >
                <option>
                  Belgium
                </option>
                <option>
                  Ukraine
                </option>
              </select>
            </label>
          </div>
          <div>
            <label>
              city
              <select
                id="city"
              >
                <option>
                  Brussels
                </option>
                <option>
                  Kyiv
                </option>
              </select>
            </label>
          </div>
        </div>
        <div>
          <label>
            direction
            <div
              className="undefined"
            >
              <input
                id="direction"
                name="direction"
                placeholder="Rue Montagne aux Herbes PotagÃ¨res"
                type="text"
              />
            </div>
          </label>
        </div>
        <div>
          <div>
            <label>
              house number
              <div
                className="undefined"
              >
                <input
                  id="house"
                  name="house"
                  placeholder="26"
                  type="number"
                />
              </div>
            </label>
          </div>
          <div>
            <label>
              apartment number
              <div
                className="undefined"
              >
                <input
                  id="apartment"
                  name="apartment"
                  placeholder="3"
                  type="number"
                />
              </div>
            </label>
          </div>
          <div>
            <label>
              floor (optional)
              <div
                className="undefined"
              >
                <input
                  id="floor"
                  name="floor"
                  placeholder="2"
                  type="number"
                />
              </div>
            </label>
          </div>
        </div>
        <div>
          <label>
            zip code
            <div
              className="undefined"
            >
              <input
                id="zipCode"
                name="zipCode"
                placeholder="1000"
                type="number"
              />
            </div>
          </label>
        </div>
        <div>
          <label>
            email
            <div
              className="undefined"
            >
              <input
                id="email"
                name="email"
                placeholder="rowe.shana@mina.biz"
                type="text"
              />
            </div>
          </label>
        </div>
      </div>
      <div>
        <button
          id="date"
          type="button"
        >
          save profile data
        </button>
      </div>
    </div>
  </div>
</div>
`;
